// Vitest Snapshot v1

exports[`TheWelcome > renders properly 1`] = `
"<div class=\\"wrapper\\">
  <div class=\\"wrapper-display\\"><input type=\\"text\\" placeholder=\\"0\\" readonly=\\"\\"></div>
  <div class=\\"wrapper-buttons\\"><button>*</button><button>/</button><button>+</button><button>-</button><button>.</button><button>=</button><button>C</button><button>0</button><button>1</button><button>2</button><button>3</button><button>4</button><button>5</button><button>6</button><button>7</button><button>8</button><button>9</button></div>
</div>"
`;
